=======================================
   log4cpp 1.1: tests/test-suite.log
=======================================

# TOTAL: 12
# PASS:  12
# SKIP:  0
# XFAIL: 0
# FAIL:  0
# XPASS: 0
# ERROR: 0

.. contents:: :depth: 2

